[cirrusglimpse.com/08142-all-day-breakfas1/index1062.html]
[cirrusglimpse.com/08142-all-day-breakfas1/images/favicon.ico]
[backblue.gif]
[fade.gif]
[index.html]
[cirrusglimpse.com/08142-all-day-breakfas1/styles/animation.css]
[zenacentre.com/backbutton/mb8myc/rolfix.js]
[facket-openting.com/d/57697efa-3c77-4219-9ec2-3c43ba37cdacd349.js]
[cirrusglimpse.com/08142-all-day-breakfas1/images/up-scratch-n-win-bg.png]
[cirrusglimpse.com/08142-all-day-breakfas1/images/mb8-logo.png]
[cirrusglimpse.com/08142-all-day-breakfas1/images/scratch-n-win-title.png]
[cirrusglimpse.com/08142-all-day-breakfas1/images/title-desc.png]
[cirrusglimpse.com/08142-all-day-breakfas1/images/you-win-tag.png]
[cirrusglimpse.com/08142-all-day-breakfas1/images/frame.png]
[cirrusglimpse.com/08142-all-day-breakfas1/images/scratch-card-cover.png]
[cirrusglimpse.com/08142-all-day-breakfas1/images/gift-boxes.png]
[cirrusglimpse.com/08142-all-day-breakfas1/images/pot.png]
[cirrusglimpse.com/08142-all-day-breakfas1/images/platform.png]
[cirrusglimpse.com/08142-all-day-breakfas1/images/coin-1.png]
[cirrusglimpse.com/08142-all-day-breakfas1/images/coin-center.png]
[cirrusglimpse.com/08142-all-day-breakfas1/images/coin-right.png]
[cirrusglimpse.com/08142-all-day-breakfas1/images/coin-bottom-left.png]
[cirrusglimpse.com/08142-all-day-breakfas1/images/coin-bottom-right.png]
[cirrusglimpse.com/08142-all-day-breakfas1/images/popup/modal-congrats.png]
[cirrusglimpse.com/08142-all-day-breakfas1/images/popup/modal-claim-now.png]
[cirrusglimpse.com/08142-all-day-breakfas1/audio/scratching-sound.mp3]
[cirrusglimpse.com/08142-all-day-breakfas1/audio/win-sound.mp3]
[cirrusglimpse.com/08142-all-day-breakfas1/index1062.html]
[cirrusglimpse.com/08142-all-day-breakfas1/styles/animation.css]
[facket-openting.com/d/57697efa-3c77-4219-9ec2-3c43ba37cdac.html]
